src/core/dialogue.c: In function 'LoadDialogueMap':
src/core/dialogue.c:150:47: warning: 'snprintf' output may be truncated before the last format character [-Wformat-truncation=]
  150 |                                         "%s/%s",
      |                                               ^
src/core/dialogue.c:148:25: note: 'snprintf' output 2 or more bytes (assuming 129) into a destination of size 128
  148 |                         snprintf(b->txtpath,
      |                         ^~~~~~~~~~~~~~~~~~~~
  149 |                                         sizeof(b->txtpath),
      |                                         ~~~~~~~~~~~~~~~~~~~
  150 |                                         "%s/%s",
      |                                         ~~~~~~~~
  151 |                                         levelfolder,
      |                                         ~~~~~~~~~~~~
  152 |                                         custom);
      |                                         ~~~~~~~
